#INFO: **** input file is /users/PAS1583/bpickett/programs/prism_env/prism_dmet_wt/tests/dmet/02-dmet-casscf-n2-44.py ****
# Copyright 2026 Prism Developers. All Rights Reserved.
#
# Licensed under the GNU General Public License v3.0;
# you may not use this file except in compliance with the License.
#
# Unless required by applicable law or agreed to in writing,
# software distributed under the License is distributed on an
# "AS IS" BASIS, WITHOUT WARRANTIES OR CONDITIONS OF ANY KIND,
# either express or implied.
#
# See the License file for the specific language governing
# permissions and limitations.
#
# Available at https://github.com/sokolov-group/prism
#
# Authors: Bryce Pickett <pickettosu@gmail.com>

import unittest
import numpy as np
import pyscf.gto
import pyscf.scf
import pyscf.mcscf
from prism.dmet import DMET, LocalIntegrals, make_fragments

np.set_printoptions(linewidth=150, edgeitems=10, suppress=True)

mol = pyscf.gto.Mole()
mol.atom = [['N', (0, 0, 0)], ['N', (0, 0, 1.5)]]
mol.basis = 'sto-3g'
mol.verbose = 4
mol.build()

# RHF calculation
mf = pyscf.scf.RHF(mol)
ehf = mf.scf()
print("SCF energy: %f\n" % ehf)

# Full-molecule CASSCF(4e,4o)
mc = pyscf.mcscf.CASSCF(mf, 4, 4)
mc.conv_tol = 1e-11
emc = mc.mc1step()[0]
print("CASSCF energy: %f\n" % emc)

# DMET with one N atom per fragment, same active space on each cluster
ints = LocalIntegrals(mf, list(range(mol.nao_nr())), 'meta_lowdin')
frags = make_fragments(mol, ints, [[0], [1]])
dmet = DMET(ints, frags, False, method='CASSCF', ncas=4, nelecas=4,
            sc_method='NONE', casscf_kwargs={'conv_tol': 1e-11})

class KnownValues(unittest.TestCase):

    def test_pyscf(self):
        self.assertAlmostEqual(mf.e_tot, -107.272448501206, 5)
        self.assertAlmostEqual(mc.e_tot, -107.500321551571, 5)

    def test_prism(self):

        e_dmet = dmet.oneshot()

        self.assertAlmostEqual(e_dmet,   -107.504843893484, 5)

        # Each cluster keeps 8 of the 10 orbitals, so 2 are frozen into the core.
        self.assertEqual(dmet.dmet_orbs[0].shape[1], 8)

if __name__ == "__main__":
    print("DMET-CASSCF test")
    unittest.main()
#INFO: ******************** input file end ********************


System: uname_result(system='Linux', node='c0326.ten.osc.edu', release='5.14.0-570.128.1.el9_6.x86_64', version='#1 SMP PREEMPT_DYNAMIC Tue Jul 14 08:36:30 EDT 2026', machine='x86_64')  Threads 1
Python 3.10.20 (main, Mar 11 2026, 17:46:40) [GCC 14.3.0]
numpy 2.2.6  scipy 1.15.3  h5py 3.16.0
Date: Mon Sep  7 11:13:33 2026
PySCF version 2.11.0
PySCF path  /users/PAS1583/bpickett/programs/pyscf
GIT HEAD (branch embedding) d13645e4865deb1e73a6e2fe23f8fa4de76606fe

[ENV] PYSCF_TMPDIR /fs/scratch/PAS1583/bpickett
[CONFIG] conf_file None
[INPUT] verbose = 4
[INPUT] num. atoms = 2
[INPUT] num. electrons = 14
[INPUT] charge = 0
[INPUT] spin (= nelec alpha-beta = 2S) = 0
[INPUT] symmetry False subgroup None
[INPUT] Mole.unit = angstrom
[INPUT] Symbol           X                Y                Z      unit          X                Y                Z       unit  Magmom
[INPUT]  1 N      0.000000000000   0.000000000000   0.000000000000 AA    0.000000000000   0.000000000000   0.000000000000 Bohr   0.0
[INPUT]  2 N      0.000000000000   0.000000000000   1.500000000000 AA    0.000000000000   0.000000000000   2.834589186848 Bohr   0.0

nuclear repulsion = 17.28645555672
number of shells = 6
number of NR pGTOs = 30
number of NR cGTOs = 10
basis = sto-3g
ecp = {}
CPU time:         0.35


******** <class 'pyscf.scf.hf.RHF'> ********
method = RHF
initial guess = minao
damping factor = 0
level_shift factor = 0
DIIS = <class 'pyscf.scf.diis.CDIIS'>
diis_start_cycle = 1
diis_space = 8
diis_damp = 0
SCF conv_tol = 1e-09
SCF conv_tol_grad = None
SCF max_cycles = 50
direct_scf = True
direct_scf_tol = 1e-13
chkfile to save SCF result = /fs/scratch/PAS1583/bpickett/tmp9slocxyn
max_memory 4000 MB (current use 119 MB)
Set gradient conv threshold to 3.16228e-05
Initial guess from minao.
init E= -106.653584572216
  HOMO = -0.228669314840687  LUMO = 0.0220003681590751
cycle= 1 E= -107.272284891411  delta_E= -0.619  |g|= 0.0352  |ddm|= 2.24
  HOMO = -0.364316446624659  LUMO = 0.150671803311761
cycle= 2 E= -107.272439256444  delta_E= -0.000154  |g|= 0.00468  |ddm|= 0.0304
  HOMO = -0.365203007969949  LUMO = 0.150075963914735
cycle= 3 E= -107.272448216376  delta_E= -8.96e-06  |g|= 0.000743  |ddm|= 0.00867
  HOMO = -0.365397118548069  LUMO = 0.149949696884426
cycle= 4 E= -107.272448501206  delta_E= -2.85e-07  |g|= 2.67e-08  |ddm|= 0.00185
  HOMO = -0.365397101262708  LUMO = 0.149949716778208
cycle= 5 E= -107.272448501206  delta_E= 7.11e-14  |g|= 2.35e-12  |ddm|= 6.62e-08
  HOMO = -0.365397101264361  LUMO = 0.149949716776575
Extra cycle  E= -107.272448501206  delta_E= 2.84e-14  |g|= 5.97e-13  |ddm|= 4.26e-12
converged SCF energy = -107.272448501206
SCF energy: -107.272449


******** <class 'pyscf.mcscf.mc1step.CASSCF'> ********
CAS (2e+2e, 4o), ncore = 5, nvir = 1
max_cycle_macro = 50
max_cycle_micro = 4
conv_tol = 1e-11
conv_tol_grad = None
orbital rotation max_stepsize = 0.02
orbital rotation threshold for CI restart = 0.01
augmented hessian ah_max_cycle = 30
augmented hessian ah_conv_tol = 1e-12
augmented hessian ah_linear dependence = 1e-14
augmented hessian ah_level shift = 1e-08
augmented hessian ah_start_tol = 2.5
augmented hessian ah_start_cycle = 3
augmented hessian ah_grad_trust_region = 3
kf_trust_region = 3
kf_interval = 4
ci_response_space = 4
ci_grad_trust_region = 3
with_dep4 0
natorb = False
canonicalization = True
sorting_mo_energy = False
ao2mo_level = 2
chkfile = /fs/scratch/PAS1583/bpickett/tmp9slocxyn
max_memory 4000 MB (current use 130 MB)
internal_rotation = False
******** <class 'pyscf.fci.direct_spin1.FCISolver'> ********
max. cycles = 50
conv_tol = 1e-08
davidson only = False
linear dependence = 1e-12
level shift = 0.001
max iter space = 12
max_memory 4000 MB
nroots = 1
pspace_size = 400
spin = None
CASCI E = -107.500209825155  S^2 = 0.0000000
Set conv_tol_grad to 3.16228e-06
macro iter   1 (  4 JK    2 micro), CASSCF E = -107.500321551494  dE = -1.11726339e-04  S^2 = 0.0000000
               |grad[o]|=0.0152  |grad[c]|=0.000301  |ddm|=0.00157  |maxRot[o]|=0.00762
macro iter   2 (  2 JK    1 micro), CASSCF E = -107.500321551571  dE = -7.72644171e-11  S^2 = 0.0000000
               |grad[o]|=1.36e-05  |grad[c]|=8.79e-07  |ddm|=    0  |maxRot[o]|=6.3e-06
macro iter   3 (  1 JK    1 micro), CASSCF E = -107.500321551571  dE =  0.00000000e+00  S^2 = 0.0000000
               |grad[o]|=1.59e-11  |grad[c]|=8.79e-07  |ddm|=    0  |maxRot[o]|=    0
1-step CASSCF converged in   3 macro (  7 JK   4 micro) steps
CASSCF canonicalization
Density matrix diagonal elements [1.67499512 1.67499512 0.32500488 0.32500488]
CASSCF energy = -107.500321551571
CASCI E = -107.500321551571  E(CI) = -4.69867660660884  S^2 = 0.0000000
CASSCF energy: -107.500322

/users/PAS1583/bpickett/programs/prism_env/.dmet_import/prism/dmet/dmet.py:238: UserWarning: cas_select='energy' (the default) selects the active space by orbital energy; for production use cas_select='natorb'.
  warnings.warn(
DMET-CASSCF test
Bath: 3 entangled environment orbitals, 5 requested.
Throwing out 2 orbitals within 1e-13 of 0 or 2.
At the cut: last kept dev 1.000e+00 (S 1.386e+00), first discarded dev 4.441e-16 (S 1.645e-14).
Embedding a 8-orbital, 10-electron fragment cluster.

******** <class 'pyscf.mcscf.mc1step.CASSCF'> ********
CAS (2e+2e, 4o), ncore = 3, nvir = 1
max_cycle_macro = 50
max_cycle_micro = 4
conv_tol = 1e-11
conv_tol_grad = None
orbital rotation max_stepsize = 0.02
orbital rotation threshold for CI restart = 0.01
augmented hessian ah_max_cycle = 30
augmented hessian ah_conv_tol = 1e-12
augmented hessian ah_linear dependence = 1e-14
augmented hessian ah_level shift = 1e-08
augmented hessian ah_start_tol = 2.5
augmented hessian ah_start_cycle = 3
augmented hessian ah_grad_trust_region = 3
kf_trust_region = 3
kf_interval = 4
ci_response_space = 4
ci_grad_trust_region = 3
with_dep4 0
natorb = False
canonicalization = True
sorting_mo_energy = False
ao2mo_level = 2
chkfile = /fs/scratch/PAS1583/bpickett/tmpbizk7h73
max_memory 4000 MB (current use 143 MB)
internal_rotation = False
******** <class 'pyscf.fci.direct_spin1.FCISolver'> ********
max. cycles = 50
conv_tol = 1e-08
davidson only = False
linear dependence = 1e-12
level shift = 0.001
max iter space = 12
max_memory 4000 MB
nroots = 1
pspace_size = 400
spin = None
Start 1-step CASSCF
Start CASCI
    CPU time for integral transformation to CAS space      0.00 sec, wall time      0.00 sec
core energy = -60.8140671055624
    CPU time for effective h1e in CAS space      0.00 sec, wall time      0.00 sec
    CPU time for FCI solver      0.00 sec, wall time      0.00 sec
CAS space CI energy = -4.70244207573585
CASCI E = -65.5165091812982  S^2 = 0.0000000
Set conv_tol_grad to 3.16228e-06
    CPU time for Initializing 1-step CASSCF      0.00 sec, wall time      0.00 sec
    CPU time for CAS DM      0.00 sec, wall time      0.00 sec
    |g|=0.0107
    CPU time for gen h_op      0.00 sec, wall time      0.00 sec
    imic  1( 3)  |g[o]|=3.07e-07  |dxi|=0.00548  max(|x|)=0.00414  |dr|=0.00548  eig=-5.6e-05  seig=2.88e-05
    CPU time for aug_hess in  1 inner iters      0.00 sec, wall time      0.00 sec
    CPU time for orbital rotation      0.00 sec, wall time      0.00 sec
CI step by full response
    CPU time for update CAS DM      0.00 sec, wall time      0.00 sec
micro  1  |u-1|=0.00775  |g[o]|=0.0107  |g[c]|=0.00109  |ddm|=0.00144
    CPU time for micro iter  1      0.00 sec, wall time      0.00 sec
    |g|=0.000799 (keyframe), |g-correction|=0.000799
    CPU time for gen h_op      0.00 sec, wall time      0.00 sec
    imic  2( 4)  |g[o]|=1.19e-10  |dxi|=0.000389  max(|x|)=0.000367  |dr|=0.000389  eig=-3.06e-07  seig=2.88e-05
    CPU time for orbital rotation      0.00 sec, wall time      0.00 sec
CI step by full response
    CPU time for update CAS DM      0.00 sec, wall time      0.00 sec
micro  2  |u-1|=0.00803  |g[o]|=0.000799  |g[c]|=0.000924  |ddm|=0.00224
    CPU time for micro iter  2      0.00 sec, wall time      0.00 sec
Active space overlap to initial guess, SVD = [1. 1. 1. 1.]
Active space overlap to last step, SVD = [1. 1. 1. 1.]
    CPU time for update eri      0.00 sec, wall time      0.00 sec
Start CASCI
    CPU time for integral transformation to CAS space      0.00 sec, wall time      0.00 sec
core energy = -60.8160636174563
    CPU time for effective h1e in CAS space      0.00 sec, wall time      0.00 sec
davidson 0 1  |r|= 2.02e-05  e= [-4.70050414]  max|de|= -4.7  lindep= 0.976
root 0 converged  |r|= 5.28e-06  e= -4.700504142283268  max|de|= -2.44e-10
converged 1 2  |r|= 5.28e-06  e= [-4.70050414]  max|de|= -2.44e-10
    CPU time for FCI solver      0.00 sec, wall time      0.00 sec
CAS space CI energy = -4.70050414228327
macro iter   1 (  5 JK    2 micro), CASSCF E = -65.5165677597396  dE = -5.85784414e-05  S^2 = 0.0000000
               |grad[o]|=0.0107  |grad[c]|=0.000924  |ddm|=0.00224  |maxRot[o]|=0.0045
    CPU time for CASCI solver      0.00 sec, wall time      0.00 sec
    CPU time for macro iter  1      0.01 sec, wall time      0.01 sec
    |g|=0.000473
    CPU time for gen h_op      0.00 sec, wall time      0.00 sec
    imic  1( 3)  |g[o]|=2.49e-11  |dxi|=0.000232  max(|x|)=0.000219  |dr|=0.000232  eig=-1.08e-07  seig=1.5e-07
    CPU time for orbital rotation      0.00 sec, wall time      0.00 sec
CI step by full response
    CPU time for update CAS DM      0.00 sec, wall time      0.00 sec
micro  1  |u-1|=0.000328  |g[o]|=0.000473  |g[c]|=0.000133  |ddm|=0.000216
    CPU time for micro iter  1      0.00 sec, wall time      0.00 sec
Active space overlap to initial guess, SVD = [1. 1. 1. 1.]
Active space overlap to last step, SVD = [1. 1. 1. 1.]
    CPU time for update eri      0.00 sec, wall time      0.00 sec
Start CASCI
    CPU time for integral transformation to CAS space      0.00 sec, wall time      0.00 sec
core energy = -60.8160936233222
    CPU time for effective h1e in CAS space      0.00 sec, wall time      0.00 sec
davidson 0 1  |r|= 4.88e-06  e= [-4.70047427]  max|de|= -4.7  lindep= 0.999
root 0 converged  |r|= 4.39e-06  e= -4.700474274278601  max|de|= -9.45e-11
converged 1 2  |r|= 4.39e-06  e= [-4.70047427]  max|de|= -9.45e-11
    CPU time for FCI solver      0.00 sec, wall time      0.00 sec
CAS space CI energy = -4.70047427427860
macro iter   2 (  3 JK    1 micro), CASSCF E = -65.5165678976009  dE = -1.37861235e-07  S^2 = 0.0000000
               |grad[o]|=0.000473  |grad[c]|=0.000133  |ddm|=0.000216  |maxRot[o]|=0.000219
    CPU time for CASCI solver      0.00 sec, wall time      0.00 sec
    CPU time for macro iter  2      0.01 sec, wall time      0.01 sec
    |g|=0.000132
    CPU time for gen h_op      0.00 sec, wall time      0.00 sec
    imic  1( 2)  |g[o]|=4.07e-08  |dxi|=6.43e-05  max(|x|)=6.09e-05  |dr|=6.43e-05  eig=-8.31e-09  seig=5.31e-08
    CPU time for orbital rotation      0.00 sec, wall time      0.00 sec
CI step by full response
    CPU time for update CAS DM      0.00 sec, wall time      0.00 sec
micro  1  |u-1|=9.09e-05  |g[o]|=0.000132  |g[c]|=3.74e-05  |ddm|=6.06e-05
    CPU time for micro iter  1      0.00 sec, wall time      0.00 sec
Active space overlap to initial guess, SVD = [1. 1. 1. 1.]
Active space overlap to last step, SVD = [1. 1. 1. 1.]
    CPU time for update eri      0.00 sec, wall time      0.00 sec
Start CASCI
    CPU time for integral transformation to CAS space      0.00 sec, wall time      0.00 sec
core energy = -60.8161018618098
    CPU time for effective h1e in CAS space      0.00 sec, wall time      0.00 sec
davidson 0 1  |r|= 1.37e-06  e= [-4.70046605]  max|de|= -4.7  lindep= 0.999
root 0 converged  |r|= 1.28e-06  e= -4.700466046479018  max|de|= -8.3e-12
converged 1 2  |r|= 1.28e-06  e= [-4.70046605]  max|de|= -8.3e-12
    CPU time for FCI solver      0.00 sec, wall time      0.00 sec
CAS space CI energy = -4.70046604647902
macro iter   3 (  2 JK    1 micro), CASSCF E = -65.5165679082889  dE = -1.06880123e-08  S^2 = 0.0000000
               |grad[o]|=0.000132  |grad[c]|=3.74e-05  |ddm|=6.06e-05  |maxRot[o]|=6.09e-05
    CPU time for CASCI solver      0.00 sec, wall time      0.00 sec
    CPU time for macro iter  3      0.01 sec, wall time      0.01 sec
    |g|=3.69e-05
    CPU time for gen h_op      0.00 sec, wall time      0.00 sec
    imic  1( 2)  |g[o]|=1.38e-10  |dxi|=1.8e-05  max(|x|)=1.71e-05  |dr|=1.8e-05  eig=-6.54e-10  seig=4.12e-09
    CPU time for orbital rotation      0.00 sec, wall time      0.00 sec
CI step by full response
    CPU time for update CAS DM      0.00 sec, wall time      0.00 sec
micro  1  |u-1|=2.55e-05  |g[o]|=3.69e-05  |g[c]|=1.04e-05  |ddm|=1.7e-05
    CPU time for micro iter  1      0.00 sec, wall time      0.00 sec
Active space overlap to initial guess, SVD = [1. 1. 1. 1.]
Active space overlap to last step, SVD = [1. 1. 1. 1.]
    CPU time for update eri      0.00 sec, wall time      0.00 sec
Start CASCI
    CPU time for integral transformation to CAS space      0.00 sec, wall time      0.00 sec
core energy = -60.8161041700766
    CPU time for effective h1e in CAS space      0.00 sec, wall time      0.00 sec
davidson 0 1  |r|= 3.68e-07  e= [-4.70046374]  max|de|= -4.7  lindep=    1
Linear dependency in trial subspace. |r| for each state [0.00000037]
    CPU time for FCI solver      0.00 sec, wall time      0.00 sec
CAS space CI energy = -4.70046373905109
macro iter   4 (  2 JK    1 micro), CASSCF E = -65.5165679091277  dE = -8.38795700e-10  S^2 = 0.0000000
               |grad[o]|=3.69e-05  |grad[c]|=1.04e-05  |ddm|=1.7e-05  |maxRot[o]|=1.71e-05
    CPU time for CASCI solver      0.00 sec, wall time      0.00 sec
    CPU time for macro iter  4      0.01 sec, wall time      0.01 sec
    |g|=1.03e-05
    CPU time for gen h_op      0.00 sec, wall time      0.00 sec
    imic  1( 2)  |g[o]|=1.1e-09  |dxi|=5.04e-06  max(|x|)=4.77e-06  |dr|=5.04e-06  eig=-5.11e-11  seig=3.22e-10
    CPU time for orbital rotation      0.00 sec, wall time      0.00 sec
CI step by full response
    CPU time for update CAS DM      0.00 sec, wall time      0.00 sec
micro  1  |u-1|=7.13e-06  |g[o]|=1.03e-05  |g[c]|=2.92e-06  |ddm|=4.75e-06
    CPU time for micro iter  1      0.00 sec, wall time      0.00 sec
Active space overlap to initial guess, SVD = [1. 1. 1. 1.]
Active space overlap to last step, SVD = [1. 1. 1. 1.]
    CPU time for update eri      0.00 sec, wall time      0.00 sec
Start CASCI
    CPU time for integral transformation to CAS space      0.00 sec, wall time      0.00 sec
core energy = -60.8161048141624
    CPU time for effective h1e in CAS space      0.00 sec, wall time      0.00 sec
davidson 0 1  |r|= 2.82e-07  e= [-4.7004631]  max|de|= -4.7  lindep=    1
Linear dependency in trial subspace. |r| for each state [0.00000028]
    CPU time for FCI solver      0.00 sec, wall time      0.00 sec
CAS space CI energy = -4.70046309503103
macro iter   5 (  2 JK    1 micro), CASSCF E = -65.5165679091934  dE = -6.57820465e-11  S^2 = 0.0000000
               |grad[o]|=1.03e-05  |grad[c]|=2.92e-06  |ddm|=4.75e-06  |maxRot[o]|=4.77e-06
    CPU time for CASCI solver      0.00 sec, wall time      0.00 sec
    CPU time for macro iter  5      0.01 sec, wall time      0.01 sec
    |g|=2.91e-06
    CPU time for gen h_op      0.00 sec, wall time      0.00 sec
    imic  1( 2)  |g[o]|=3.8e-10  |dxi|=1.42e-06  max(|x|)=1.35e-06  |dr|=1.42e-06  eig=-4.06e-12  seig=2.52e-11
    CPU time for orbital rotation      0.00 sec, wall time      0.00 sec
CI step by full response
    CPU time for update CAS DM      0.00 sec, wall time      0.00 sec
micro  1  |u-1|=2.01e-06  |g[o]|=2.91e-06  |g[c]|=8.3e-07  |ddm|=    0
    CPU time for micro iter  1      0.00 sec, wall time      0.00 sec
Active space overlap to initial guess, SVD = [1. 1. 1. 1.]
Active space overlap to last step, SVD = [1. 1. 1. 1.]
    CPU time for update eri      0.00 sec, wall time      0.00 sec
Start CASCI
    CPU time for integral transformation to CAS space      0.00 sec, wall time      0.00 sec
core energy = -60.8161049962984
    CPU time for effective h1e in CAS space      0.00 sec, wall time      0.00 sec
davidson 0 1  |r|= 8.3e-07  e= [-4.70046291]  max|de|= -4.7  lindep=    1
Linear dependency in trial subspace. |r| for each state [0.00000083]
    CPU time for FCI solver      0.00 sec, wall time      0.00 sec
CAS space CI energy = -4.70046291289910
macro iter   6 (  2 JK    1 micro), CASSCF E = -65.5165679091975  dE = -4.03588274e-12  S^2 = 0.0000000
               |grad[o]|=2.91e-06  |grad[c]|=8.3e-07  |ddm|=    0  |maxRot[o]|=1.35e-06
    CPU time for CASCI solver      0.00 sec, wall time      0.00 sec
    CPU time for macro iter  6      0.01 sec, wall time      0.01 sec
1-step CASSCF converged in   6 macro ( 16 JK   7 micro) steps
CASSCF canonicalization
Density matrix diagonal elements [1.67537626 1.67537626 0.32462374 0.32462374]
i = 1  <i|F|i> = -15.41609980
i = 2  <i|F|i> =  -1.01805735
i = 3  <i|F|i> =  -0.52058352
i = 4  <i|F|i> =  -0.30984181
i = 5  <i|F|i> =  -0.30984181
i = 6  <i|F|i> =   0.10251822
i = 7  <i|F|i> =   0.10251822
i = 8  <i|F|i> =   0.51081053
    CPU time for 1-step CASSCF      0.06 sec, wall time      0.06 sec
CASSCF energy = -65.5165679091975
CASCI E = -65.5165679091975  E(CI) = -4.70046291289910  S^2 = 0.0000000

CASSCF energy: -65.5165679092 Ha
  ncore=3, ncas=4, nelecas=4
Full-space 1-RDM trace: 10.000000
Bath: 3 entangled environment orbitals, 5 requested.
Throwing out 2 orbitals within 1e-13 of 0 or 2.
At the cut: last kept dev 1.000e+00 (S 1.386e+00), first discarded dev 8.882e-16 (S 3.229e-14).
Embedding a 8-orbital, 10-electron fragment cluster.

******** <class 'pyscf.mcscf.mc1step.CASSCF'> ********
CAS (2e+2e, 4o), ncore = 3, nvir = 1
max_cycle_macro = 50
max_cycle_micro = 4
conv_tol = 1e-11
conv_tol_grad = None
orbital rotation max_stepsize = 0.02
orbital rotation threshold for CI restart = 0.01
augmented hessian ah_max_cycle = 30
augmented hessian ah_conv_tol = 1e-12
augmented hessian ah_linear dependence = 1e-14
augmented hessian ah_level shift = 1e-08
augmented hessian ah_start_tol = 2.5
augmented hessian ah_start_cycle = 3
augmented hessian ah_grad_trust_region = 3
kf_trust_region = 3
kf_interval = 4
ci_response_space = 4
ci_grad_trust_region = 3
with_dep4 0
natorb = False
canonicalization = True
sorting_mo_energy = False
ao2mo_level = 2
chkfile = /fs/scratch/PAS1583/bpickett/tmpkrog1idl
max_memory 4000 MB (current use 144 MB)
internal_rotation = False
******** <class 'pyscf.fci.direct_spin1.FCISolver'> ********
max. cycles = 50
conv_tol = 1e-08
davidson only = False
linear dependence = 1e-12
level shift = 0.001
max iter space = 12
max_memory 4000 MB
nroots = 1
pspace_size = 400
spin = None
Start 1-step CASSCF
Start CASCI
    CPU time for integral transformation to CAS space      0.00 sec, wall time      0.00 sec
core energy = -60.8140671055624
    CPU time for effective h1e in CAS space      0.00 sec, wall time      0.00 sec
    CPU time for FCI solver      0.00 sec, wall time      0.00 sec
CAS space CI energy = -4.70244207573582
CASCI E = -65.5165091812982  S^2 = 0.0000000
Set conv_tol_grad to 3.16228e-06
    CPU time for Initializing 1-step CASSCF      0.00 sec, wall time      0.00 sec
    CPU time for CAS DM      0.00 sec, wall time      0.00 sec
    |g|=0.0107
    CPU time for gen h_op      0.00 sec, wall time      0.00 sec
    imic  1( 3)  |g[o]|=3.07e-07  |dxi|=0.00548  max(|x|)=0.00414  |dr|=0.00548  eig=-5.6e-05  seig=2.88e-05
    CPU time for aug_hess in  1 inner iters      0.00 sec, wall time      0.00 sec
    CPU time for orbital rotation      0.00 sec, wall time      0.00 sec
CI step by full response
    CPU time for update CAS DM      0.00 sec, wall time      0.00 sec
micro  1  |u-1|=0.00775  |g[o]|=0.0107  |g[c]|=0.00109  |ddm|=0.00151
    CPU time for micro iter  1      0.00 sec, wall time      0.00 sec
    |g|=0.000828 (keyframe), |g-correction|=0.000828
    CPU time for gen h_op      0.00 sec, wall time      0.00 sec
    imic  2( 4)  |g[o]|=1.33e-10  |dxi|=0.000404  max(|x|)=0.000381  |dr|=0.000404  eig=-3.28e-07  seig=2.88e-05
    CPU time for orbital rotation      0.00 sec, wall time      0.00 sec
CI step by full response
    CPU time for update CAS DM      0.00 sec, wall time      0.00 sec
micro  2  |u-1|=0.00805  |g[o]|=0.000828  |g[c]|=0.000884  |ddm|=0.00225
    CPU time for micro iter  2      0.00 sec, wall time      0.00 sec
Active space overlap to initial guess, SVD = [1. 1. 1. 1.]
Active space overlap to last step, SVD = [1. 1. 1. 1.]
    CPU time for update eri      0.00 sec, wall time      0.00 sec
Start CASCI
    CPU time for integral transformation to CAS space      0.00 sec, wall time      0.00 sec
core energy = -60.816065709119
    CPU time for effective h1e in CAS space      0.00 sec, wall time      0.00 sec
davidson 0 1  |r|= 2.53e-05  e= [-4.70050206]  max|de|= -4.7  lindep= 0.933
root 0 converged  |r|= 8.34e-06  e= -4.700502063391548  max|de|= -4.42e-10
converged 1 2  |r|= 8.34e-06  e= [-4.70050206]  max|de|= -4.42e-10
    CPU time for FCI solver      0.00 sec, wall time      0.00 sec
CAS space CI energy = -4.70050206339155
macro iter   1 (  5 JK    2 micro), CASSCF E = -65.5165677725106  dE = -5.85912124e-05  S^2 = 0.0000000
               |grad[o]|=0.0107  |grad[c]|=0.000884  |ddm|=0.00225  |maxRot[o]|=0.00452
    CPU time for CASCI solver      0.00 sec, wall time      0.00 sec
    CPU time for macro iter  1      0.01 sec, wall time      0.01 sec
    |g|=0.000453
    CPU time for gen h_op      0.00 sec, wall time      0.00 sec
    imic  1( 3)  |g[o]|=2.18e-11  |dxi|=0.000221  max(|x|)=0.00021  |dr|=0.000221  eig=-9.86e-08  seig=1.61e-07
    CPU time for orbital rotation      0.00 sec, wall time      0.00 sec
CI step by full response
    CPU time for update CAS DM      0.00 sec, wall time      0.00 sec
micro  1  |u-1|=0.000313  |g[o]|=0.000453  |g[c]|=0.000127  |ddm|=0.000206
    CPU time for micro iter  1      0.00 sec, wall time      0.00 sec
Active space overlap to initial guess, SVD = [1. 1. 1. 1.]
Active space overlap to last step, SVD = [1. 1. 1. 1.]
    CPU time for update eri      0.00 sec, wall time      0.00 sec
Start CASCI
    CPU time for integral transformation to CAS space      0.00 sec, wall time      0.00 sec
core energy = -60.8160941178358
    CPU time for effective h1e in CAS space      0.00 sec, wall time      0.00 sec
davidson 0 1  |r|= 5.21e-06  e= [-4.70047378]  max|de|= -4.7  lindep= 0.987
root 0 converged  |r|= 4.17e-06  e= -4.700473780830031  max|de|= -1.1e-10
converged 1 2  |r|= 4.17e-06  e= [-4.70047378]  max|de|= -1.1e-10
    CPU time for FCI solver      0.00 sec, wall time      0.00 sec
CAS space CI energy = -4.70047378083004
macro iter   2 (  3 JK    1 micro), CASSCF E = -65.5165678986658  dE = -1.26155243e-07  S^2 = 0.0000000
               |grad[o]|=0.000453  |grad[c]|=0.000127  |ddm|=0.000206  |maxRot[o]|=0.00021
    CPU time for CASCI solver      0.00 sec, wall time      0.00 sec
    CPU time for macro iter  2      0.01 sec, wall time      0.01 sec
    |g|=0.000125
    CPU time for gen h_op      0.00 sec, wall time      0.00 sec
    imic  1( 2)  |g[o]|=2.15e-08  |dxi|=6.12e-05  max(|x|)=5.8e-05  |dr|=6.12e-05  eig=-7.53e-09  seig=4.85e-08
    CPU time for orbital rotation      0.00 sec, wall time      0.00 sec
CI step by full response
    CPU time for update CAS DM      0.00 sec, wall time      0.00 sec
micro  1  |u-1|=8.66e-05  |g[o]|=0.000125  |g[c]|=3.56e-05  |ddm|=5.8e-05
    CPU time for micro iter  1      0.00 sec, wall time      0.00 sec
Active space overlap to initial guess, SVD = [1. 1. 1. 1.]
Active space overlap to last step, SVD = [1. 1. 1. 1.]
    CPU time for update eri      0.00 sec, wall time      0.00 sec
Start CASCI
    CPU time for integral transformation to CAS space      0.00 sec, wall time      0.00 sec
core energy = -60.8161020077521
    CPU time for effective h1e in CAS space      0.00 sec, wall time      0.00 sec
davidson 0 1  |r|= 1.24e-06  e= [-4.7004659]  max|de|= -4.7  lindep= 0.997
root 0 converged  |r|= 9.45e-07  e= -4.7004659006193705  max|de|= -8.62e-12
converged 1 2  |r|= 9.45e-07  e= [-4.7004659]  max|de|= -8.62e-12
    CPU time for FCI solver      0.00 sec, wall time      0.00 sec
CAS space CI energy = -4.70046590061936
macro iter   3 (  2 JK    1 micro), CASSCF E = -65.5165679083714  dE = -9.70561587e-09  S^2 = 0.0000000
               |grad[o]|=0.000125  |grad[c]|=3.56e-05  |ddm|=5.8e-05  |maxRot[o]|=5.8e-05
    CPU time for CASCI solver      0.00 sec, wall time      0.00 sec
    CPU time for macro iter  3      0.01 sec, wall time      0.01 sec
    |g|=3.52e-05
    CPU time for gen h_op      0.00 sec, wall time      0.00 sec
    imic  1( 2)  |g[o]|=8.7e-09  |dxi|=1.72e-05  max(|x|)=1.63e-05  |dr|=1.72e-05  eig=-5.94e-10  seig=3.71e-09
    CPU time for orbital rotation      0.00 sec, wall time      0.00 sec
CI step by full response
    CPU time for update CAS DM      0.00 sec, wall time      0.00 sec
micro  1  |u-1|=2.43e-05  |g[o]|=3.52e-05  |g[c]|=9.94e-06  |ddm|=1.65e-05
    CPU time for micro iter  1      0.00 sec, wall time      0.00 sec
Active space overlap to initial guess, SVD = [1. 1. 1. 1.]
Active space overlap to last step, SVD = [1. 1. 1. 1.]
    CPU time for update eri      0.00 sec, wall time      0.00 sec
Start CASCI
    CPU time for integral transformation to CAS space      0.00 sec, wall time      0.00 sec
core energy = -60.8161042069215
    CPU time for effective h1e in CAS space      0.00 sec, wall time      0.00 sec
davidson 0 1  |r|= 2.27e-07  e= [-4.7004637]  max|de|= -4.7  lindep=    1
Linear dependency in trial subspace. |r| for each state [0.00000023]
    CPU time for FCI solver      0.00 sec, wall time      0.00 sec
CAS space CI energy = -4.70046370221288
macro iter   4 (  2 JK    1 micro), CASSCF E = -65.5165679091344  dE = -7.62952368e-10  S^2 = 0.0000000
               |grad[o]|=3.52e-05  |grad[c]|=9.94e-06  |ddm|=1.65e-05  |maxRot[o]|=1.63e-05
    CPU time for CASCI solver      0.00 sec, wall time      0.00 sec
    CPU time for macro iter  4      0.01 sec, wall time      0.01 sec
    |g|=9.85e-06
    CPU time for gen h_op      0.00 sec, wall time      0.00 sec
    imic  1( 2)  |g[o]|=2.08e-09  |dxi|=4.82e-06  max(|x|)=4.56e-06  |dr|=4.82e-06  eig=-4.66e-11  seig=2.92e-10
    CPU time for orbital rotation      0.00 sec, wall time      0.00 sec
CI step by full response
    CPU time for update CAS DM      0.00 sec, wall time      0.00 sec
micro  1  |u-1|=6.81e-06  |g[o]|=9.85e-06  |g[c]|=2.78e-06  |ddm|=4.53e-06
    CPU time for micro iter  1      0.00 sec, wall time      0.00 sec
Active space overlap to initial guess, SVD = [1. 1. 1. 1.]
Active space overlap to last step, SVD = [1. 1. 1. 1.]
    CPU time for update eri      0.00 sec, wall time      0.00 sec
Start CASCI
    CPU time for integral transformation to CAS space      0.00 sec, wall time      0.00 sec
core energy = -60.8161048251331
    CPU time for effective h1e in CAS space      0.00 sec, wall time      0.00 sec
davidson 0 1  |r|= 1.51e-07  e= [-4.70046308]  max|de|= -4.7  lindep=    1
Linear dependency in trial subspace. |r| for each state [0.00000015]
    CPU time for FCI solver      0.00 sec, wall time      0.00 sec
CAS space CI energy = -4.70046308406111
macro iter   5 (  2 JK    1 micro), CASSCF E = -65.5165679091942  dE = -5.98134875e-11  S^2 = 0.0000000
               |grad[o]|=9.85e-06  |grad[c]|=2.78e-06  |ddm|=4.53e-06  |maxRot[o]|=4.56e-06
    CPU time for CASCI solver      0.00 sec, wall time      0.00 sec
    CPU time for macro iter  5      0.01 sec, wall time      0.01 sec
    |g|=2.76e-06
    CPU time for gen h_op      0.00 sec, wall time      0.00 sec
    imic  1( 2)  |g[o]|=3.83e-10  |dxi|=1.35e-06  max(|x|)=1.28e-06  |dr|=1.35e-06  eig=-3.66e-12  seig=2.3e-11
    CPU time for orbital rotation      0.00 sec, wall time      0.00 sec
CI step by full response
    CPU time for update CAS DM      0.00 sec, wall time      0.00 sec
micro  1  |u-1|=1.91e-06  |g[o]|=2.76e-06  |g[c]|=7.78e-07  |ddm|=    0
    CPU time for micro iter  1      0.00 sec, wall time      0.00 sec
Active space overlap to initial guess, SVD = [1. 1. 1. 1.]
Active space overlap to last step, SVD = [1. 1. 1. 1.]
    CPU time for update eri      0.00 sec, wall time      0.00 sec
Start CASCI
    CPU time for integral transformation to CAS space      0.00 sec, wall time      0.00 sec
core energy = -60.816104997976
    CPU time for effective h1e in CAS space      0.00 sec, wall time      0.00 sec
davidson 0 1  |r|= 7.78e-07  e= [-4.70046291]  max|de|= -4.7  lindep=    1
Linear dependency in trial subspace. |r| for each state [0.00000078]
    CPU time for FCI solver      0.00 sec, wall time      0.00 sec
CAS space CI energy = -4.70046291122190
macro iter   6 (  2 JK    1 micro), CASSCF E = -65.5165679091979  dE = -3.68061137e-12  S^2 = 0.0000000
               |grad[o]|=2.76e-06  |grad[c]|=7.78e-07  |ddm|=    0  |maxRot[o]|=1.28e-06
    CPU time for CASCI solver      0.00 sec, wall time      0.00 sec
    CPU time for macro iter  6      0.01 sec, wall time      0.01 sec
1-step CASSCF converged in   6 macro ( 16 JK   7 micro) steps
CASSCF canonicalization
Density matrix diagonal elements [1.67537622 1.67537622 0.32462378 0.32462378]
i = 1  <i|F|i> = -15.41609978
i = 2  <i|F|i> =  -1.01805735
i = 3  <i|F|i> =  -0.52058351
i = 4  <i|F|i> =  -0.30984180
i = 5  <i|F|i> =  -0.30984180
i = 6  <i|F|i> =   0.10251822
i = 7  <i|F|i> =   0.10251822
i = 8  <i|F|i> =   0.51081054
    CPU time for 1-step CASSCF      0.06 sec, wall time      0.06 sec
CASSCF energy = -65.5165679091979
CASCI E = -65.5165679091979  E(CI) = -4.70046291122190  S^2 = 0.0000000

CASSCF energy: -65.5165679092 Ha
  ncore=3, ncas=4, nelecas=4
Full-space 1-RDM trace: 10.000000
..
----------------------------------------------------------------------
Ran 2 tests in 0.150s

OK
