converged SCF energy = -76.0412566941276
SCF energy: -76.041257

CASSCF energy = -76.0412364867242
CASCI E = -76.0412364867242  E(CI) = 0.00000000000000  S^2 = 0.0000000
CASSCF energy: -76.041236

CVS-IP calculations for different CVS-IP-MR-ADC methods

Transforming integrals to MO basis...

Computing reference wavefunction RDMs...

Computing MR-ADC excitation energies...

Method:                                            cvs-ip-mr-adc(2)
Nuclear repulsion energy:                          9.168193300756
Number of electrons:                               10
Number of basis functions:                         41
Reference wavefunction type:                       casscf
Number of core orbitals:                           5
Number of active orbitals:                         4
Number of external orbitals:                       32
Number of active electrons:                        [(0, 0)]
Reference state active-space energy:               0.000000000000
Reference state spin multiplicity:                 [1]
Number of MR-ADC roots requested:                  4
Number of CVS orbitals:                            1
Number of valence (non-CVS) orbitals:              4

Overlap truncation parameter (singles):            1.000000e-06
Overlap truncation parameter (doubles):            1.000000e-10
Projector for the semi-internal amplitudes:        gno

Computing NEVPT2 amplitudes...
Correlation energy [0']:                          -0.000000015306
Correlation energy [+1']:                         -0.000000000721
Correlation energy [-1']:                          0.000000000000
Correlation energy [0]:                           -0.196367970960
Correlation energy [+1]:                          -0.023630341172
Correlation energy [+2]:                          -0.001825155329

Reference energy:                                -76.041236486724
NEVPT2 correlation energy:                        -0.221823483488
Total NEVPT2 energy:                             -76.263059970212

Dimension of h0 excitation manifold:                       1
Dimension of h1 excitation manifold:                       900
Total dimension of the excitation manifold:                901
Dimension of the orthogonalized excitation manifold:       469

tol 1e-08  toloose 1e-05
max_cycle 50  max_space 112  max_memory 2000  incore True
davidson 0 4  |r|= 1.45  e= [20.57921931 21.12242012 21.12242012 21.12242012]  max|de|= 21.1  lindep=    1
Old state -> New state
    2     ->     1 
    1     ->     2 
root 1 converged  |r|= 3.99e-15  e= 21.122420114648886  max|de|= -3.66e-09
root 2 converged  |r|= 3.99e-15  e= 21.122420114648886  max|de|= -3.66e-09
root 3 converged  |r|= 3.99e-15  e= 21.122420114648886  max|de|= -3.66e-09
davidson 1 8  |r|= 0.228  e= [19.85346851 21.12242011 21.12242011 21.12242011]  max|de|= -0.726  lindep= 0.95
Old state -> New state
    3     ->     1 
    1     ->     2 
davidson 2 9  |r|= 0.000881  e= [19.8383387  21.12242011 21.12242011 21.12242011]  max|de|= -0.0151  lindep= 0.912
Old state -> New state
    3     ->     2 
    2     ->     3 
Drop eigenvector 0, norm=1.4e-09
davidson 3 10  |r|= 1.4e-09  e= [19.83833862 21.12242011 21.12242011 21.12242011]  max|de|= -8.22e-08  lindep=    1
Linear dependency in trial subspace. |r| for each state [0. 0. 0. 0.]

Summary of results for the CVS-IP-MR-ADC(2) calculation with the CASSCF reference:
------------------------------------------------------------------------------------------------
  State        dE(a.u.)        dE(eV)      dE(nm)       dE(cm-1)       Intensity
------------------------------------------------------------------------------------------------
    1        19.83833862      539.8287     2.2967    4354012.0560      1.519803
    2        21.12242011      574.7703     2.1571    4635835.3682      0.000000
    3        21.12242011      574.7703     2.1571    4635835.3682      0.000000
    4        21.12242011      574.7703     2.1571    4635835.3682      0.000000
------------------------------------------------------------------------------------------------
> CPU time for total CVS-IP-MR-ADC(2) calculation      9.96 sec, wall time      2.10 sec
