converged SCF energy = -128.886834331937
SCF energy: -128.886834

CASSCF energy = -129.154007811535
CASCI E = -129.154007811535  E(CI) = -15.6158947474124  S^2 = 2.0357143
CASCI state-averaged energy = -129.154007811535
CASCI energy for each state
  State 0 weight 0.142857  E = -129.345984106236 S^2 = 0.7500000
  State 1 weight 0.142857  E = -129.345984106236 S^2 = 0.7500000
  State 2 weight 0.142857  E = -129.101626079884 S^2 = 3.7500000
  State 3 weight 0.142857  E = -129.101626079884 S^2 = 3.7500000
  State 4 weight 0.142857  E = -129.06224609496 S^2 = 0.7500000
  State 5 weight 0.142857  E = -129.06224609496 S^2 = 0.7500000
  State 6 weight 0.142857  E = -129.058342118588 S^2 = 3.7500000
NEVPT2 test

Transforming integrals to MO basis...

Computing NEVPT energies...

Method:                                            nevpt2
Nuclear repulsion energy:                         25.750715859854
Number of electrons:                               15
Number of basis functions:                         28
Reference wavefunction type:                       sa-casscf
Number of reference states:                        7
Number of reference microstates:                   7
Number of frozen orbitals:                         2
Number of core orbitals:                           4
Number of active orbitals:                         6
Number of external orbitals:                       18
Reference density fitting?                         False
Correlation density fitting?                       True
Temporary directory path:                          /scratch/local

Internal contraction:                              Full (= Partial)
Compute singles amplitudes?                        False
Overlap truncation parameter (singles):            1.000000e-10
Overlap truncation parameter (doubles):            1.000000e-10

Computing energy of state #1...
Reference state active-space energy:             -15.807871042113
Reference state spin multiplicity:                 2
Number of active electrons:                        [(4, 3)]
Correlation energy [0']:                          -0.060042660419
Correlation energy [+1']:                         -0.009690229363
Correlation energy [-1']:                         -0.033557102974
Correlation energy [0]:                           -0.013228731542
Correlation energy [+1]:                          -0.006118676042
Correlation energy [-1]:                          -0.040567559475
Correlation energy [+2]:                          -0.003337106805
Correlation energy [-2]:                          -0.061895460763
SA-CASSCF reference state total energy:         -129.345984106236
NEVPT2 correlation energy:                        -0.228437527384
Total NEVPT2 energy:                            -129.574421633620

Computing energy of state #2...
Reference state active-space energy:             -15.807871042113
Reference state spin multiplicity:                 2
Number of active electrons:                        [(4, 3)]
Correlation energy [0']:                          -0.060042660419
Correlation energy [+1']:                         -0.009690229387
Correlation energy [-1']:                         -0.033557102974
Correlation energy [0]:                           -0.013228731542
Correlation energy [+1]:                          -0.006118676042
Correlation energy [-1]:                          -0.040567559475
Correlation energy [+2]:                          -0.003337106805
Correlation energy [-2]:                          -0.061895460763
SA-CASSCF reference state total energy:         -129.345984106236
NEVPT2 correlation energy:                        -0.228437527407
Total NEVPT2 energy:                            -129.574421633643

Computing energy of state #3...
Reference state active-space energy:             -15.563513015761
Reference state spin multiplicity:                 4
Number of active electrons:                        [(4, 3)]
Correlation energy [0']:                          -0.060664148141
Correlation energy [+1']:                         -0.007365094001
Correlation energy [-1']:                         -0.032328267046
Correlation energy [0]:                           -0.013228731542
Correlation energy [+1]:                          -0.006330193733
Correlation energy [-1]:                          -0.041339588628
Correlation energy [+2]:                          -0.001986792870
Correlation energy [-2]:                          -0.058647317725
SA-CASSCF reference state total energy:         -129.101626079884
NEVPT2 correlation energy:                        -0.221890133687
Total NEVPT2 energy:                            -129.323516213571

Computing energy of state #4...
Reference state active-space energy:             -15.563513015761
Reference state spin multiplicity:                 4
Number of active electrons:                        [(4, 3)]
Correlation energy [0']:                          -0.060664148141
Correlation energy [+1']:                         -0.007365093999
Correlation energy [-1']:                         -0.032328267046
Correlation energy [0]:                           -0.013228731542
Correlation energy [+1]:                          -0.006330193733
Correlation energy [-1]:                          -0.041339588628
Correlation energy [+2]:                          -0.001986792870
Correlation energy [-2]:                          -0.058647317725
SA-CASSCF reference state total energy:         -129.101626079884
NEVPT2 correlation energy:                        -0.221890133684
Total NEVPT2 energy:                            -129.323516213569

Computing energy of state #5...
Reference state active-space energy:             -15.524133030837
Reference state spin multiplicity:                 2
Number of active electrons:                        [(4, 3)]
Correlation energy [0']:                          -0.061528348767
Correlation energy [+1']:                         -0.007370422394
Correlation energy [-1']:                         -0.033025928895
Correlation energy [0]:                           -0.013228731542
Correlation energy [+1]:                          -0.006345856521
Correlation energy [-1]:                          -0.041423669429
Correlation energy [+2]:                          -0.002304429594
Correlation energy [-2]:                          -0.060094524827
SA-CASSCF reference state total energy:         -129.062246094960
NEVPT2 correlation energy:                        -0.225321911969
Total NEVPT2 energy:                            -129.287568006929

Computing energy of state #6...
Reference state active-space energy:             -15.524133030837
Reference state spin multiplicity:                 2
Number of active electrons:                        [(4, 3)]
Correlation energy [0']:                          -0.061528348767
Correlation energy [+1']:                         -0.007370422397
Correlation energy [-1']:                         -0.033025928896
Correlation energy [0]:                           -0.013228731542
Correlation energy [+1]:                          -0.006345856521
Correlation energy [-1]:                          -0.041423669429
Correlation energy [+2]:                          -0.002304429594
Correlation energy [-2]:                          -0.060094524827
SA-CASSCF reference state total energy:         -129.062246094960
NEVPT2 correlation energy:                        -0.225321911972
Total NEVPT2 energy:                            -129.287568006932

Computing energy of state #7...
Reference state active-space energy:             -15.520229054465
Reference state spin multiplicity:                 4
Number of active electrons:                        [(4, 3)]
Correlation energy [0']:                          -0.069891310714
Correlation energy [+1']:                         -0.031023795076
Correlation energy [-1']:                         -0.038422617305
Correlation energy [0]:                           -0.013228731542
Correlation energy [+1]:                          -0.008970791413
Correlation energy [-1]:                          -0.042525726152
Correlation energy [+2]:                          -0.003759197316
Correlation energy [-2]:                          -0.063988065021
SA-CASSCF reference state total energy:         -129.058342118588
NEVPT2 correlation energy:                        -0.271810234541
Total NEVPT2 energy:                            -129.330152353128

Summary of results for the NEVPT2 calculation with the SA-CASSCF reference:
------------------------------------------------------------------------------------------------
  State    (2S+1)         E(total)            dE(a.u.)        dE(eV)      dE(nm)       dE(cm-1)
------------------------------------------------------------------------------------------------
    1        2         -129.574421633620     0.00000000       0.0000                      0.0000
    2        2         -129.574421633643    -0.00000000      -0.0000                     -0.0000
    3        4         -129.323516213571     0.25090542       6.8275     181.5957     55067.3746
    4        4         -129.323516213569     0.25090542       6.8275     181.5957     55067.3746
    5        2         -129.287568006929     0.28685363       7.8057     158.8383     62957.0940
    6        2         -129.287568006932     0.28685363       7.8057     158.8383     62957.0940
    7        4         -129.330152353128     0.24426928       6.6469     186.5292     53610.9103
------------------------------------------------------------------------------------------------
> CPU time for total NEVPT2 calculation     84.86 sec, wall time      5.20 sec
